
> vidanjorcum@0.1.0 build
> next build

  Ôû▓ Next.js 14.2.28

   Creating an optimized production build ...
 Ô£ô Compiled successfully
   Skipping validation of types
   Skipping linting
   Collecting page data ...
   Generating static pages (0/32) ...
   Generating static pages (8/32) 
npm : S [FirebaseError]: F
irebase: Error (auth/inval
id-api-key).
At line:1 char:1
+ npm run build > build_ou
tput.txt 2>&1
+ ~~~~~~~~~~~~~~~~~~~~~~~~
~~~~~~~~~~~~~
    + CategoryInfo        
      : NotSpecified: (S  
   [FirebaseErro...vali   
 d-api-key).:String) [    
], RemoteException
    + FullyQualifiedError 
   Id : NativeCommandErr  
  or
 
    at m (C:\Users\Atakan 
Ser├ğe\.gemini\antigravity
\scratch\vidanjorcum\.next
\server\chunks\431.js:1:28
673)
    at g (C:\Users\Atakan 
Ser├ğe\.gemini\antigravity
\scratch\vidanjorcum\.next
\server\chunks\431.js:1:28
721)
    at i.instanceFactory (
C:\Users\Atakan Ser├ğe\.ge
mini\antigravity\scratch\v
idanjorcum\.next\server\ch
unks\431.js:1:83277)
    at a.getOrInitializeSe
rvice (C:\Users\Atakan Ser
├ğe\.gemini\antigravity\sc
ratch\vidanjorcum\.next\se
rver\chunks\431.js:1:16342
)
    at a.initialize (C:\Us
ers\Atakan Ser├ğe\.gemini\
antigravity\scratch\vidanj
orcum\.next\server\chunks\
431.js:1:15750)
    at C:\Users\Atakan Ser
├ğe\.gemini\antigravity\sc
ratch\vidanjorcum\.next\se
rver\chunks\431.js:1:81343
    at e9 (C:\Users\Atakan
 Ser├ğe\.gemini\antigravit
y\scratch\vidanjorcum\.nex
t\server\chunks\431.js:1:8
1372)
    at 90445 (C:\Users\Ata
kan Ser├ğe\.gemini\antigra
vity\scratch\vidanjorcum\.
next\server\app\register\p
age.js:1:15535)
    at t (C:\Users\Atakan 
Ser├ğe\.gemini\antigravity
\scratch\vidanjorcum\.next
\server\webpack-runtime.js
:1:128)
    at 81229 (C:\Users\Ata
kan Ser├ğe\.gemini\antigra
vity\scratch\vidanjorcum\.
next\server\app\register\p
age.js:1:2752) {
  code: 'auth/invalid-api-
key',
  customData: { appName: '
[DEFAULT]' },
  digest: '2320371460'
}

Error occurred prerenderin
g page "/register". Read m
ore: https://nextjs.org/do
cs/messages/prerender-erro
r

FirebaseError: Firebase: E
rror (auth/invalid-api-key
).
    at m (C:\Users\Atakan 
Ser├ğe\.gemini\antigravity
\scratch\vidanjorcum\.next
\server\chunks\431.js:1:28
673)
    at g (C:\Users\Atakan 
Ser├ğe\.gemini\antigravity
\scratch\vidanjorcum\.next
\server\chunks\431.js:1:28
721)
    at i.instanceFactory (
C:\Users\Atakan Ser├ğe\.ge
mini\antigravity\scratch\v
idanjorcum\.next\server\ch
unks\431.js:1:83277)
    at a.getOrInitializeSe
rvice (C:\Users\Atakan Ser
├ğe\.gemini\antigravity\sc
ratch\vidanjorcum\.next\se
rver\chunks\431.js:1:16342
)
    at a.initialize (C:\Us
ers\Atakan Ser├ğe\.gemini\
antigravity\scratch\vidanj
orcum\.next\server\chunks\
431.js:1:15750)
    at C:\Users\Atakan Ser
├ğe\.gemini\antigravity\sc
ratch\vidanjorcum\.next\se
rver\chunks\431.js:1:81343
    at e9 (C:\Users\Atakan
 Ser├ğe\.gemini\antigravit
y\scratch\vidanjorcum\.nex
t\server\chunks\431.js:1:8
1372)
    at 90445 (C:\Users\Ata
kan Ser├ğe\.gemini\antigra
vity\scratch\vidanjorcum\.
next\server\app\register\p
age.js:1:15535)
    at t (C:\Users\Atakan 
Ser├ğe\.gemini\antigravity
\scratch\vidanjorcum\.next
\server\webpack-runtime.js
:1:128)
    at 81229 (C:\Users\Ata
kan Ser├ğe\.gemini\antigra
vity\scratch\vidanjorcum\.
next\server\app\register\p
age.js:1:2752)
S [FirebaseError]: Firebas
e: Error (auth/invalid-api
-key).
    at m (C:\Users\Atakan 
Ser├ğe\.gemini\antigravity
\scratch\vidanjorcum\.next
\server\chunks\431.js:1:28
673)
    at g (C:\Users\Atakan 
Ser├ğe\.gemini\antigravity
\scratch\vidanjorcum\.next
\server\chunks\431.js:1:28
721)
    at i.instanceFactory (
C:\Users\Atakan Ser├ğe\.ge
mini\antigravity\scratch\v
idanjorcum\.next\server\ch
unks\431.js:1:83277)
    at a.getOrInitializeSe
rvice (C:\Users\Atakan Ser
├ğe\.gemini\antigravity\sc
ratch\vidanjorcum\.next\se
rver\chunks\431.js:1:16342
)
    at a.initialize (C:\Us
ers\Atakan Ser├ğe\.gemini\
antigravity\scratch\vidanj
orcum\.next\server\chunks\
431.js:1:15750)
    at C:\Users\Atakan Ser
├ğe\.gemini\antigravity\sc
ratch\vidanjorcum\.next\se
rver\chunks\431.js:1:81343
    at e9 (C:\Users\Atakan
 Ser├ğe\.gemini\antigravit
y\scratch\vidanjorcum\.nex
t\server\chunks\431.js:1:8
1372)
    at 90445 (C:\Users\Ata
kan Ser├ğe\.gemini\antigra
vity\scratch\vidanjorcum\.
next\server\app\login\oper
ator\page.js:1:11188)
    at t (C:\Users\Atakan 
Ser├ğe\.gemini\antigravity
\scratch\vidanjorcum\.next
\server\webpack-runtime.js
:1:128)
    at 65949 (C:\Users\Ata
kan Ser├ğe\.gemini\antigra
vity\scratch\vidanjorcum\.
next\server\app\login\oper
ator\page.js:1:2810) {
  code: 'auth/invalid-api-
key',
  customData: { appName: '
[DEFAULT]' },
  digest: '773277100'
}

Error occurred prerenderin
g page "/login/operator". 
Read more: https://nextjs.
org/docs/messages/prerende
r-error

FirebaseError: Firebase: E
rror (auth/invalid-api-key
).
    at m (C:\Users\Atakan 
Ser├ğe\.gemini\antigravity
\scratch\vidanjorcum\.next
\server\chunks\431.js:1:28
673)
    at g (C:\Users\Atakan 
Ser├ğe\.gemini\antigravity
\scratch\vidanjorcum\.next
\server\chunks\431.js:1:28
721)
    at i.instanceFactory (
C:\Users\Atakan Ser├ğe\.ge
mini\antigravity\scratch\v
idanjorcum\.next\server\ch
unks\431.js:1:83277)
    at a.getOrInitializeSe
rvice (C:\Users\Atakan Ser
├ğe\.gemini\antigravity\sc
ratch\vidanjorcum\.next\se
rver\chunks\431.js:1:16342
)
    at a.initialize (C:\Us
ers\Atakan Ser├ğe\.gemini\
antigravity\scratch\vidanj
orcum\.next\server\chunks\
431.js:1:15750)
    at C:\Users\Atakan Ser
├ğe\.gemini\antigravity\sc
ratch\vidanjorcum\.next\se
rver\chunks\431.js:1:81343
    at e9 (C:\Users\Atakan
 Ser├ğe\.gemini\antigravit
y\scratch\vidanjorcum\.nex
t\server\chunks\431.js:1:8
1372)
    at 90445 (C:\Users\Ata
kan Ser├ğe\.gemini\antigra
vity\scratch\vidanjorcum\.
next\server\app\login\oper
ator\page.js:1:11188)
    at t (C:\Users\Atakan 
Ser├ğe\.gemini\antigravity
\scratch\vidanjorcum\.next
\server\webpack-runtime.js
:1:128)
    at 65949 (C:\Users\Ata
kan Ser├ğe\.gemini\antigra
vity\scratch\vidanjorcum\.
next\server\app\login\oper
ator\page.js:1:2810)
   Generating static pages (16/32) 
S [FirebaseError]: Firebas
e: Error (auth/invalid-api
-key).
    at m (C:\Users\Atakan 
Ser├ğe\.gemini\antigravity
\scratch\vidanjorcum\.next
\server\chunks\431.js:1:28
673)
    at g (C:\Users\Atakan 
Ser├ğe\.gemini\antigravity
\scratch\vidanjorcum\.next
\server\chunks\431.js:1:28
721)
    at i.instanceFactory (
C:\Users\Atakan Ser├ğe\.ge
mini\antigravity\scratch\v
idanjorcum\.next\server\ch
unks\431.js:1:83277)
    at a.getOrInitializeSe
rvice (C:\Users\Atakan Ser
├ğe\.gemini\antigravity\sc
ratch\vidanjorcum\.next\se
rver\chunks\431.js:1:16342
)
    at a.initialize (C:\Us
ers\Atakan Ser├ğe\.gemini\
antigravity\scratch\vidanj
orcum\.next\server\chunks\
431.js:1:15750)
    at C:\Users\Atakan Ser
├ğe\.gemini\antigravity\sc
ratch\vidanjorcum\.next\se
rver\chunks\431.js:1:81343
    at e9 (C:\Users\Atakan
 Ser├ğe\.gemini\antigravit
y\scratch\vidanjorcum\.nex
t\server\chunks\431.js:1:8
1372)
    at 90445 (C:\Users\Ata
kan Ser├ğe\.gemini\antigra
vity\scratch\vidanjorcum\.
next\server\app\login\cust
omer\page.js:1:10883)
    at t (C:\Users\Atakan 
Ser├ğe\.gemini\antigravity
\scratch\vidanjorcum\.next
\server\webpack-runtime.js
:1:128)
    at 82621 (C:\Users\Ata
kan Ser├ğe\.gemini\antigra
vity\scratch\vidanjorcum\.
next\server\app\login\cust
omer\page.js:1:3265) {
  code: 'auth/invalid-api-
key',
  customData: { appName: '
[DEFAULT]' },
  digest: '227740558'
}

Error occurred prerenderin
g page "/login/customer". 
Read more: https://nextjs.
org/docs/messages/prerende
r-error

FirebaseError: Firebase: E
rror (auth/invalid-api-key
).
    at m (C:\Users\Atakan 
Ser├ğe\.gemini\antigravity
\scratch\vidanjorcum\.next
\server\chunks\431.js:1:28
673)
    at g (C:\Users\Atakan 
Ser├ğe\.gemini\antigravity
\scratch\vidanjorcum\.next
\server\chunks\431.js:1:28
721)
    at i.instanceFactory (
C:\Users\Atakan Ser├ğe\.ge
mini\antigravity\scratch\v
idanjorcum\.next\server\ch
unks\431.js:1:83277)
    at a.getOrInitializeSe
rvice (C:\Users\Atakan Ser
├ğe\.gemini\antigravity\sc
ratch\vidanjorcum\.next\se
rver\chunks\431.js:1:16342
)
    at a.initialize (C:\Us
ers\Atakan Ser├ğe\.gemini\
antigravity\scratch\vidanj
orcum\.next\server\chunks\
431.js:1:15750)
    at C:\Users\Atakan Ser
├ğe\.gemini\antigravity\sc
ratch\vidanjorcum\.next\se
rver\chunks\431.js:1:81343
    at e9 (C:\Users\Atakan
 Ser├ğe\.gemini\antigravit
y\scratch\vidanjorcum\.nex
t\server\chunks\431.js:1:8
1372)
    at 90445 (C:\Users\Ata
kan Ser├ğe\.gemini\antigra
vity\scratch\vidanjorcum\.
next\server\app\login\cust
omer\page.js:1:10883)
    at t (C:\Users\Atakan 
Ser├ğe\.gemini\antigravity
\scratch\vidanjorcum\.next
\server\webpack-runtime.js
:1:128)
    at 82621 (C:\Users\Ata
kan Ser├ğe\.gemini\antigra
vity\scratch\vidanjorcum\.
next\server\app\login\cust
omer\page.js:1:3265)
PrismaClientInitialization
Error: 
Invalid `prisma.user.count
()` invocation:


error: Environment variabl
e not found: DATABASE_URL.
  -->  schema.prisma:7
   | 
 6 |   provider = "sqlite"
 7 |   url      = env("DAT
ABASE_URL")
   | 

Validation Error Count: 1
    at $n.handleRequestErr
or (C:\Users\Atakan Ser├ğe
\.gemini\antigravity\scrat
ch\vidanjorcum\node_module
s\@prisma\client\runtime\l
ibrary.js:121:7615)
    at $n.handleAndLogRequ
estError (C:\Users\Atakan 
Ser├ğe\.gemini\antigravity
\scratch\vidanjorcum\node_
modules\@prisma\client\run
time\library.js:121:6623)
    at $n.request (C:\User
s\Atakan Ser├ğe\.gemini\an
tigravity\scratch\vidanjor
cum\node_modules\@prisma\c
lient\runtime\library.js:1
21:6307)
    at async l (C:\Users\A
takan Ser├ğe\.gemini\antig
ravity\scratch\vidanjorcum
\node_modules\@prisma\clie
nt\runtime\library.js:130:
9633)
    at async c (C:\Users\A
takan Ser├ğe\.gemini\antig
ravity\scratch\vidanjorcum
\.next\server\app\admin\pa
ge.js:1:14956) {
  clientVersion: '5.22.0',
  errorCode: undefined,
  digest: '2991997822'
}
PrismaClientInitialization
Error: 
Invalid `prisma.user.count
()` invocation:


error: Environment variabl
e not found: DATABASE_URL.
  -->  schema.prisma:7
   | 
 6 |   provider = "sqlite"
 7 |   url      = env("DAT
ABASE_URL")
   | 

Validation Error Count: 1
    at $n.handleRequestErr
or (C:\Users\Atakan Ser├ğe
\.gemini\antigravity\scrat
ch\vidanjorcum\node_module
s\@prisma\client\runtime\l
ibrary.js:121:7615)
    at $n.handleAndLogRequ
estError (C:\Users\Atakan 
Ser├ğe\.gemini\antigravity
\scratch\vidanjorcum\node_
modules\@prisma\client\run
time\library.js:121:6623)
    at $n.request (C:\User
s\Atakan Ser├ğe\.gemini\an
tigravity\scratch\vidanjor
cum\node_modules\@prisma\c
lient\runtime\library.js:1
21:6307)
    at async l (C:\Users\A
takan Ser├ğe\.gemini\antig
ravity\scratch\vidanjorcum
\node_modules\@prisma\clie
nt\runtime\library.js:130:
9633)
    at async c (C:\Users\A
takan Ser├ğe\.gemini\antig
ravity\scratch\vidanjorcum
\.next\server\app\admin\pa
ge.js:1:14956) {
  clientVersion: '5.22.0',
  errorCode: undefined,
  digest: '2991997822'
}
   Generating static pages (24/32) 
S [FirebaseError]: Firebas
e: Error (auth/invalid-api
-key).
    at m (C:\Users\Atakan 
Ser├ğe\.gemini\antigravity
\scratch\vidanjorcum\.next
\server\chunks\431.js:1:28
673)
    at g (C:\Users\Atakan 
Ser├ğe\.gemini\antigravity
\scratch\vidanjorcum\.next
\server\chunks\431.js:1:28
721)
    at i.instanceFactory (
C:\Users\Atakan Ser├ğe\.ge
mini\antigravity\scratch\v
idanjorcum\.next\server\ch
unks\431.js:1:83277)
    at a.getOrInitializeSe
rvice (C:\Users\Atakan Ser
├ğe\.gemini\antigravity\sc
ratch\vidanjorcum\.next\se
rver\chunks\431.js:1:16342
)
    at a.initialize (C:\Us
ers\Atakan Ser├ğe\.gemini\
antigravity\scratch\vidanj
orcum\.next\server\chunks\
431.js:1:15750)
    at C:\Users\Atakan Ser
├ğe\.gemini\antigravity\sc
ratch\vidanjorcum\.next\se
rver\chunks\431.js:1:81343
    at e9 (C:\Users\Atakan
 Ser├ğe\.gemini\antigravit
y\scratch\vidanjorcum\.nex
t\server\chunks\431.js:1:8
1372)
    at 90445 (C:\Users\Ata
kan Ser├ğe\.gemini\antigra
vity\scratch\vidanjorcum\.
next\server\app\forgot-pas
sword\page.js:1:12117)
    at t (C:\Users\Atakan 
Ser├ğe\.gemini\antigravity
\scratch\vidanjorcum\.next
\server\webpack-runtime.js
:1:128)
    at 18954 (C:\Users\Ata
kan Ser├ğe\.gemini\antigra
vity\scratch\vidanjorcum\.
next\server\app\forgot-pas
sword\page.js:1:3294) {
  code: 'auth/invalid-api-
key',
  customData: { appName: '
[DEFAULT]' },
  digest: '2336690888'
}

Error occurred prerenderin
g page "/forgot-password".
 Read more: https://nextjs
.org/docs/messages/prerend
er-error

FirebaseError: Firebase: E
rror (auth/invalid-api-key
).
    at m (C:\Users\Atakan 
Ser├ğe\.gemini\antigravity
\scratch\vidanjorcum\.next
\server\chunks\431.js:1:28
673)
    at g (C:\Users\Atakan 
Ser├ğe\.gemini\antigravity
\scratch\vidanjorcum\.next
\server\chunks\431.js:1:28
721)
    at i.instanceFactory (
C:\Users\Atakan Ser├ğe\.ge
mini\antigravity\scratch\v
idanjorcum\.next\server\ch
unks\431.js:1:83277)
    at a.getOrInitializeSe
rvice (C:\Users\Atakan Ser
├ğe\.gemini\antigravity\sc
ratch\vidanjorcum\.next\se
rver\chunks\431.js:1:16342
)
    at a.initialize (C:\Us
ers\Atakan Ser├ğe\.gemini\
antigravity\scratch\vidanj
orcum\.next\server\chunks\
431.js:1:15750)
    at C:\Users\Atakan Ser
├ğe\.gemini\antigravity\sc
ratch\vidanjorcum\.next\se
rver\chunks\431.js:1:81343
    at e9 (C:\Users\Atakan
 Ser├ğe\.gemini\antigravit
y\scratch\vidanjorcum\.nex
t\server\chunks\431.js:1:8
1372)
    at 90445 (C:\Users\Ata
kan Ser├ğe\.gemini\antigra
vity\scratch\vidanjorcum\.
next\server\app\forgot-pas
sword\page.js:1:12117)
    at t (C:\Users\Atakan 
Ser├ğe\.gemini\antigravity
\scratch\vidanjorcum\.next
\server\webpack-runtime.js
:1:128)
    at 18954 (C:\Users\Ata
kan Ser├ğe\.gemini\antigra
vity\scratch\vidanjorcum\.
next\server\app\forgot-pas
sword\page.js:1:3294)
S [FirebaseError]: Firebas
e: Error (auth/invalid-api
-key).
    at m (C:\Users\Atakan 
Ser├ğe\.gemini\antigravity
\scratch\vidanjorcum\.next
\server\chunks\431.js:1:28
673)
    at g (C:\Users\Atakan 
Ser├ğe\.gemini\antigravity
\scratch\vidanjorcum\.next
\server\chunks\431.js:1:28
721)
    at i.instanceFactory (
C:\Users\Atakan Ser├ğe\.ge
mini\antigravity\scratch\v
idanjorcum\.next\server\ch
unks\431.js:1:83277)
    at a.getOrInitializeSe
rvice (C:\Users\Atakan Ser
├ğe\.gemini\antigravity\sc
ratch\vidanjorcum\.next\se
rver\chunks\431.js:1:16342
)
    at a.initialize (C:\Us
ers\Atakan Ser├ğe\.gemini\
antigravity\scratch\vidanj
orcum\.next\server\chunks\
431.js:1:15750)
    at C:\Users\Atakan Ser
├ğe\.gemini\antigravity\sc
ratch\vidanjorcum\.next\se
rver\chunks\431.js:1:81343
    at e9 (C:\Users\Atakan
 Ser├ğe\.gemini\antigravit
y\scratch\vidanjorcum\.nex
t\server\chunks\431.js:1:8
1372)
    at 90445 (C:\Users\Ata
kan Ser├ğe\.gemini\antigra
vity\scratch\vidanjorcum\.
next\server\app\forgot-pas
sword\customer\page.js:1:8
007)
    at t (C:\Users\Atakan 
Ser├ğe\.gemini\antigravity
\scratch\vidanjorcum\.next
\server\webpack-runtime.js
:1:128)
    at 99712 (C:\Users\Ata
kan Ser├ğe\.gemini\antigra
vity\scratch\vidanjorcum\.
next\server\app\forgot-pas
sword\customer\page.js:1:2
973) {
  code: 'auth/invalid-api-
key',
  customData: { appName: '
[DEFAULT]' },
  digest: '3005629077'
}

Error occurred prerenderin
g page "/forgot-password/c
ustomer". Read more: https
://nextjs.org/docs/message
s/prerender-error

FirebaseError: Firebase: E
rror (auth/invalid-api-key
).
    at m (C:\Users\Atakan 
Ser├ğe\.gemini\antigravity
\scratch\vidanjorcum\.next
\server\chunks\431.js:1:28
673)
    at g (C:\Users\Atakan 
Ser├ğe\.gemini\antigravity
\scratch\vidanjorcum\.next
\server\chunks\431.js:1:28
721)
    at i.instanceFactory (
C:\Users\Atakan Ser├ğe\.ge
mini\antigravity\scratch\v
idanjorcum\.next\server\ch
unks\431.js:1:83277)
    at a.getOrInitializeSe
rvice (C:\Users\Atakan Ser
├ğe\.gemini\antigravity\sc
ratch\vidanjorcum\.next\se
rver\chunks\431.js:1:16342
)
    at a.initialize (C:\Us
ers\Atakan Ser├ğe\.gemini\
antigravity\scratch\vidanj
orcum\.next\server\chunks\
431.js:1:15750)
    at C:\Users\Atakan Ser
├ğe\.gemini\antigravity\sc
ratch\vidanjorcum\.next\se
rver\chunks\431.js:1:81343
    at e9 (C:\Users\Atakan
 Ser├ğe\.gemini\antigravit
y\scratch\vidanjorcum\.nex
t\server\chunks\431.js:1:8
1372)
    at 90445 (C:\Users\Ata
kan Ser├ğe\.gemini\antigra
vity\scratch\vidanjorcum\.
next\server\app\forgot-pas
sword\customer\page.js:1:8
007)
    at t (C:\Users\Atakan 
Ser├ğe\.gemini\antigravity
\scratch\vidanjorcum\.next
\server\webpack-runtime.js
:1:128)
    at 99712 (C:\Users\Ata
kan Ser├ğe\.gemini\antigra
vity\scratch\vidanjorcum\.
next\server\app\forgot-pas
sword\customer\page.js:1:2
973)
 Ô£ô Generating static pages (32/32)

> Export encountered error
s on following paths:
	/forgot-password/customer
/page: /forgot-password/cu
stomer
	/forgot-password/page: /f
orgot-password
	/login/customer/page: /lo
gin/customer
	/login/operator/page: /lo
gin/operator
	/register/page: /register
